# HELP lvm_lv_active Active state of the LV
# TYPE lvm_lv_active gauge
lvm_lv_active{lv_active="0",lv_uuid="DEwJ31-ay2n-OaOU-S8YI-R5fQ-jmL8-pM3MBu"} 1
lvm_lv_active{lv_active="1",lv_uuid="Dos0fN-zXY4-Ciho-aBir-TOHS-p50y-40j0cE"} 1
lvm_lv_active{lv_active="1",lv_uuid="VvuLW3-KTRc-clwU-vfcM-LFHt-f4B1-ekoqqj"} 1
lvm_lv_active{lv_active="1",lv_uuid="aZLZ7e-Kkwa-s1D5-jThP-IdfY-fnmo-qnPQuz"} 1
lvm_lv_active{lv_active="1",lv_uuid="vWnwW4-Wxyg-Pwvy-Zmvu-eJRe-H9V3-WhsL1R"} 1
# HELP lvm_lv_active_exclusively Set if the LV is active exclusively
# TYPE lvm_lv_active_exclusively gauge
lvm_lv_active_exclusively{lv_uuid="DEwJ31-ay2n-OaOU-S8YI-R5fQ-jmL8-pM3MBu"} 0
lvm_lv_active_exclusively{lv_uuid="Dos0fN-zXY4-Ciho-aBir-TOHS-p50y-40j0cE"} 1
lvm_lv_active_exclusively{lv_uuid="VvuLW3-KTRc-clwU-vfcM-LFHt-f4B1-ekoqqj"} 1
lvm_lv_active_exclusively{lv_uuid="aZLZ7e-Kkwa-s1D5-jThP-IdfY-fnmo-qnPQuz"} 1
lvm_lv_active_exclusively{lv_uuid="vWnwW4-Wxyg-Pwvy-Zmvu-eJRe-H9V3-WhsL1R"} 1
# HELP lvm_lv_active_locally Set if the LV is active locally
# TYPE lvm_lv_active_locally gauge
lvm_lv_active_locally{lv_uuid="DEwJ31-ay2n-OaOU-S8YI-R5fQ-jmL8-pM3MBu"} 0
lvm_lv_active_locally{lv_uuid="Dos0fN-zXY4-Ciho-aBir-TOHS-p50y-40j0cE"} 1
lvm_lv_active_locally{lv_uuid="VvuLW3-KTRc-clwU-vfcM-LFHt-f4B1-ekoqqj"} 1
lvm_lv_active_locally{lv_uuid="aZLZ7e-Kkwa-s1D5-jThP-IdfY-fnmo-qnPQuz"} 1
lvm_lv_active_locally{lv_uuid="vWnwW4-Wxyg-Pwvy-Zmvu-eJRe-H9V3-WhsL1R"} 1
# HELP lvm_lv_active_remotely Set if the LV is active remotely
# TYPE lvm_lv_active_remotely gauge
lvm_lv_active_remotely{lv_uuid="DEwJ31-ay2n-OaOU-S8YI-R5fQ-jmL8-pM3MBu"} 0
lvm_lv_active_remotely{lv_uuid="Dos0fN-zXY4-Ciho-aBir-TOHS-p50y-40j0cE"} 0
lvm_lv_active_remotely{lv_uuid="VvuLW3-KTRc-clwU-vfcM-LFHt-f4B1-ekoqqj"} 0
lvm_lv_active_remotely{lv_uuid="aZLZ7e-Kkwa-s1D5-jThP-IdfY-fnmo-qnPQuz"} 0
lvm_lv_active_remotely{lv_uuid="vWnwW4-Wxyg-Pwvy-Zmvu-eJRe-H9V3-WhsL1R"} 0
# HELP lvm_lv_allocation_locked Set if LV is locked against allocation changes
# TYPE lvm_lv_allocation_locked gauge
lvm_lv_allocation_locked{lv_uuid="DEwJ31-ay2n-OaOU-S8YI-R5fQ-jmL8-pM3MBu"} 0
lvm_lv_allocation_locked{lv_uuid="Dos0fN-zXY4-Ciho-aBir-TOHS-p50y-40j0cE"} 0
lvm_lv_allocation_locked{lv_uuid="VvuLW3-KTRc-clwU-vfcM-LFHt-f4B1-ekoqqj"} 0
lvm_lv_allocation_locked{lv_uuid="aZLZ7e-Kkwa-s1D5-jThP-IdfY-fnmo-qnPQuz"} 0
lvm_lv_allocation_locked{lv_uuid="vWnwW4-Wxyg-Pwvy-Zmvu-eJRe-H9V3-WhsL1R"} 0
# HELP lvm_lv_allocation_policy LV allocation policy
# TYPE lvm_lv_allocation_policy gauge
lvm_lv_allocation_policy{lv_allocation_policy="inherit",lv_uuid="DEwJ31-ay2n-OaOU-S8YI-R5fQ-jmL8-pM3MBu"} 1
lvm_lv_allocation_policy{lv_allocation_policy="inherit",lv_uuid="Dos0fN-zXY4-Ciho-aBir-TOHS-p50y-40j0cE"} 1
lvm_lv_allocation_policy{lv_allocation_policy="inherit",lv_uuid="VvuLW3-KTRc-clwU-vfcM-LFHt-f4B1-ekoqqj"} 1
lvm_lv_allocation_policy{lv_allocation_policy="inherit",lv_uuid="aZLZ7e-Kkwa-s1D5-jThP-IdfY-fnmo-qnPQuz"} 1
lvm_lv_allocation_policy{lv_allocation_policy="inherit",lv_uuid="vWnwW4-Wxyg-Pwvy-Zmvu-eJRe-H9V3-WhsL1R"} 1
# HELP lvm_lv_ancestors LV ancestors ignoring any stored history of the ancestry chain
# TYPE lvm_lv_ancestors gauge
lvm_lv_ancestors{lv_ancestors="",lv_uuid="DEwJ31-ay2n-OaOU-S8YI-R5fQ-jmL8-pM3MBu"} 1
lvm_lv_ancestors{lv_ancestors="",lv_uuid="Dos0fN-zXY4-Ciho-aBir-TOHS-p50y-40j0cE"} 1
lvm_lv_ancestors{lv_ancestors="",lv_uuid="VvuLW3-KTRc-clwU-vfcM-LFHt-f4B1-ekoqqj"} 1
lvm_lv_ancestors{lv_ancestors="",lv_uuid="aZLZ7e-Kkwa-s1D5-jThP-IdfY-fnmo-qnPQuz"} 1
lvm_lv_ancestors{lv_ancestors="",lv_uuid="vWnwW4-Wxyg-Pwvy-Zmvu-eJRe-H9V3-WhsL1R"} 1
# HELP lvm_lv_attr Various attributes
# TYPE lvm_lv_attr gauge
lvm_lv_attr{lv_attr="Twi-ao----",lv_uuid="VvuLW3-KTRc-clwU-vfcM-LFHt-f4B1-ekoqqj"} 1
lvm_lv_attr{lv_attr="Vwi-a-t---",lv_uuid="aZLZ7e-Kkwa-s1D5-jThP-IdfY-fnmo-qnPQuz"} 1
lvm_lv_attr{lv_attr="ewi-------",lv_uuid="DEwJ31-ay2n-OaOU-S8YI-R5fQ-jmL8-pM3MBu"} 1
lvm_lv_attr{lv_attr="ewi-ao----",lv_uuid="vWnwW4-Wxyg-Pwvy-Zmvu-eJRe-H9V3-WhsL1R"} 1
lvm_lv_attr{lv_attr="twi-aot---",lv_uuid="Dos0fN-zXY4-Ciho-aBir-TOHS-p50y-40j0cE"} 1
# HELP lvm_lv_check_needed For thin pools and cache volumes, whether metadata check is needed
# TYPE lvm_lv_check_needed gauge
lvm_lv_check_needed{lv_uuid="DEwJ31-ay2n-OaOU-S8YI-R5fQ-jmL8-pM3MBu"} -1
lvm_lv_check_needed{lv_uuid="Dos0fN-zXY4-Ciho-aBir-TOHS-p50y-40j0cE"} 0
lvm_lv_check_needed{lv_uuid="VvuLW3-KTRc-clwU-vfcM-LFHt-f4B1-ekoqqj"} -1
lvm_lv_check_needed{lv_uuid="aZLZ7e-Kkwa-s1D5-jThP-IdfY-fnmo-qnPQuz"} -1
lvm_lv_check_needed{lv_uuid="vWnwW4-Wxyg-Pwvy-Zmvu-eJRe-H9V3-WhsL1R"} -1
# HELP lvm_lv_convert_lv For lvconvert, Name of temporary LV created by lvconvert
# TYPE lvm_lv_convert_lv gauge
lvm_lv_convert_lv{lv_convert_lv="",lv_uuid="DEwJ31-ay2n-OaOU-S8YI-R5fQ-jmL8-pM3MBu"} 1
lvm_lv_convert_lv{lv_convert_lv="",lv_uuid="Dos0fN-zXY4-Ciho-aBir-TOHS-p50y-40j0cE"} 1
lvm_lv_convert_lv{lv_convert_lv="",lv_uuid="VvuLW3-KTRc-clwU-vfcM-LFHt-f4B1-ekoqqj"} 1
lvm_lv_convert_lv{lv_convert_lv="",lv_uuid="aZLZ7e-Kkwa-s1D5-jThP-IdfY-fnmo-qnPQuz"} 1
lvm_lv_convert_lv{lv_convert_lv="",lv_uuid="vWnwW4-Wxyg-Pwvy-Zmvu-eJRe-H9V3-WhsL1R"} 1
# HELP lvm_lv_convert_lv_uuid For lvconvert, UUID of temporary LV created by lvconvert
# TYPE lvm_lv_convert_lv_uuid gauge
lvm_lv_convert_lv_uuid{lv_convert_lv_uuid="",lv_uuid="DEwJ31-ay2n-OaOU-S8YI-R5fQ-jmL8-pM3MBu"} 1
lvm_lv_convert_lv_uuid{lv_convert_lv_uuid="",lv_uuid="Dos0fN-zXY4-Ciho-aBir-TOHS-p50y-40j0cE"} 1
lvm_lv_convert_lv_uuid{lv_convert_lv_uuid="",lv_uuid="VvuLW3-KTRc-clwU-vfcM-LFHt-f4B1-ekoqqj"} 1
lvm_lv_convert_lv_uuid{lv_convert_lv_uuid="",lv_uuid="aZLZ7e-Kkwa-s1D5-jThP-IdfY-fnmo-qnPQuz"} 1
lvm_lv_convert_lv_uuid{lv_convert_lv_uuid="",lv_uuid="vWnwW4-Wxyg-Pwvy-Zmvu-eJRe-H9V3-WhsL1R"} 1
# HELP lvm_lv_converting Set if LV is being converted
# TYPE lvm_lv_converting gauge
lvm_lv_converting{lv_uuid="DEwJ31-ay2n-OaOU-S8YI-R5fQ-jmL8-pM3MBu"} 0
lvm_lv_converting{lv_uuid="Dos0fN-zXY4-Ciho-aBir-TOHS-p50y-40j0cE"} 0
lvm_lv_converting{lv_uuid="VvuLW3-KTRc-clwU-vfcM-LFHt-f4B1-ekoqqj"} 0
lvm_lv_converting{lv_uuid="aZLZ7e-Kkwa-s1D5-jThP-IdfY-fnmo-qnPQuz"} 0
lvm_lv_converting{lv_uuid="vWnwW4-Wxyg-Pwvy-Zmvu-eJRe-H9V3-WhsL1R"} 0
# HELP lvm_lv_data_lv For cache/thin/vdo pools, the LV holding the associated data
# TYPE lvm_lv_data_lv gauge
lvm_lv_data_lv{lv_data_lv="",lv_uuid="DEwJ31-ay2n-OaOU-S8YI-R5fQ-jmL8-pM3MBu"} 1
lvm_lv_data_lv{lv_data_lv="",lv_uuid="VvuLW3-KTRc-clwU-vfcM-LFHt-f4B1-ekoqqj"} 1
lvm_lv_data_lv{lv_data_lv="",lv_uuid="aZLZ7e-Kkwa-s1D5-jThP-IdfY-fnmo-qnPQuz"} 1
lvm_lv_data_lv{lv_data_lv="",lv_uuid="vWnwW4-Wxyg-Pwvy-Zmvu-eJRe-H9V3-WhsL1R"} 1
lvm_lv_data_lv{lv_data_lv="[testpool_tdata]",lv_uuid="Dos0fN-zXY4-Ciho-aBir-TOHS-p50y-40j0cE"} 1
# HELP lvm_lv_data_lv_uuid For cache/thin/vdo pools, the UUID of the LV holding the associated data
# TYPE lvm_lv_data_lv_uuid gauge
lvm_lv_data_lv_uuid{lv_data_lv_uuid="",lv_uuid="DEwJ31-ay2n-OaOU-S8YI-R5fQ-jmL8-pM3MBu"} 1
lvm_lv_data_lv_uuid{lv_data_lv_uuid="",lv_uuid="VvuLW3-KTRc-clwU-vfcM-LFHt-f4B1-ekoqqj"} 1
lvm_lv_data_lv_uuid{lv_data_lv_uuid="",lv_uuid="aZLZ7e-Kkwa-s1D5-jThP-IdfY-fnmo-qnPQuz"} 1
lvm_lv_data_lv_uuid{lv_data_lv_uuid="",lv_uuid="vWnwW4-Wxyg-Pwvy-Zmvu-eJRe-H9V3-WhsL1R"} 1
lvm_lv_data_lv_uuid{lv_data_lv_uuid="VvuLW3-KTRc-clwU-vfcM-LFHt-f4B1-ekoqqj",lv_uuid="Dos0fN-zXY4-Ciho-aBir-TOHS-p50y-40j0cE"} 1
# HELP lvm_lv_data_percent For snapshot, cache and thin pools and volumes, the percentage full if LV is active
# TYPE lvm_lv_data_percent gauge
lvm_lv_data_percent{lv_uuid="Dos0fN-zXY4-Ciho-aBir-TOHS-p50y-40j0cE"} 0
lvm_lv_data_percent{lv_uuid="aZLZ7e-Kkwa-s1D5-jThP-IdfY-fnmo-qnPQuz"} 0
# HELP lvm_lv_descendants LV descendants ignoring any stored history of the ancestry chain
# TYPE lvm_lv_descendants gauge
lvm_lv_descendants{lv_descendants="",lv_uuid="DEwJ31-ay2n-OaOU-S8YI-R5fQ-jmL8-pM3MBu"} 1
lvm_lv_descendants{lv_descendants="",lv_uuid="Dos0fN-zXY4-Ciho-aBir-TOHS-p50y-40j0cE"} 1
lvm_lv_descendants{lv_descendants="",lv_uuid="VvuLW3-KTRc-clwU-vfcM-LFHt-f4B1-ekoqqj"} 1
lvm_lv_descendants{lv_descendants="",lv_uuid="aZLZ7e-Kkwa-s1D5-jThP-IdfY-fnmo-qnPQuz"} 1
lvm_lv_descendants{lv_descendants="",lv_uuid="vWnwW4-Wxyg-Pwvy-Zmvu-eJRe-H9V3-WhsL1R"} 1
# HELP lvm_lv_device_open Set if LV device is open
# TYPE lvm_lv_device_open gauge
lvm_lv_device_open{lv_uuid="DEwJ31-ay2n-OaOU-S8YI-R5fQ-jmL8-pM3MBu"} -1
lvm_lv_device_open{lv_uuid="Dos0fN-zXY4-Ciho-aBir-TOHS-p50y-40j0cE"} 1
lvm_lv_device_open{lv_uuid="VvuLW3-KTRc-clwU-vfcM-LFHt-f4B1-ekoqqj"} 1
lvm_lv_device_open{lv_uuid="aZLZ7e-Kkwa-s1D5-jThP-IdfY-fnmo-qnPQuz"} 0
lvm_lv_device_open{lv_uuid="vWnwW4-Wxyg-Pwvy-Zmvu-eJRe-H9V3-WhsL1R"} 1
# HELP lvm_lv_dm_path Internal device-mapper pathname for LV (in /dev/mapper directory)
# TYPE lvm_lv_dm_path gauge
lvm_lv_dm_path{lv_dm_path="/dev/mapper/testvg-lvol0_pmspare",lv_uuid="DEwJ31-ay2n-OaOU-S8YI-R5fQ-jmL8-pM3MBu"} 1
lvm_lv_dm_path{lv_dm_path="/dev/mapper/testvg-test_thin",lv_uuid="aZLZ7e-Kkwa-s1D5-jThP-IdfY-fnmo-qnPQuz"} 1
lvm_lv_dm_path{lv_dm_path="/dev/mapper/testvg-testpool",lv_uuid="Dos0fN-zXY4-Ciho-aBir-TOHS-p50y-40j0cE"} 1
lvm_lv_dm_path{lv_dm_path="/dev/mapper/testvg-testpool_tdata",lv_uuid="VvuLW3-KTRc-clwU-vfcM-LFHt-f4B1-ekoqqj"} 1
lvm_lv_dm_path{lv_dm_path="/dev/mapper/testvg-testpool_tmeta",lv_uuid="vWnwW4-Wxyg-Pwvy-Zmvu-eJRe-H9V3-WhsL1R"} 1
# HELP lvm_lv_fixed_minor Set if LV has fixed minor number assigned
# TYPE lvm_lv_fixed_minor gauge
lvm_lv_fixed_minor{lv_uuid="DEwJ31-ay2n-OaOU-S8YI-R5fQ-jmL8-pM3MBu"} 0
lvm_lv_fixed_minor{lv_uuid="Dos0fN-zXY4-Ciho-aBir-TOHS-p50y-40j0cE"} 0
lvm_lv_fixed_minor{lv_uuid="VvuLW3-KTRc-clwU-vfcM-LFHt-f4B1-ekoqqj"} 0
lvm_lv_fixed_minor{lv_uuid="aZLZ7e-Kkwa-s1D5-jThP-IdfY-fnmo-qnPQuz"} 0
lvm_lv_fixed_minor{lv_uuid="vWnwW4-Wxyg-Pwvy-Zmvu-eJRe-H9V3-WhsL1R"} 0
# HELP lvm_lv_full_ancestors LV ancestors including stored history of the ancestry chain
# TYPE lvm_lv_full_ancestors gauge
lvm_lv_full_ancestors{lv_full_ancestors="",lv_uuid="DEwJ31-ay2n-OaOU-S8YI-R5fQ-jmL8-pM3MBu"} 1
lvm_lv_full_ancestors{lv_full_ancestors="",lv_uuid="Dos0fN-zXY4-Ciho-aBir-TOHS-p50y-40j0cE"} 1
lvm_lv_full_ancestors{lv_full_ancestors="",lv_uuid="VvuLW3-KTRc-clwU-vfcM-LFHt-f4B1-ekoqqj"} 1
lvm_lv_full_ancestors{lv_full_ancestors="",lv_uuid="aZLZ7e-Kkwa-s1D5-jThP-IdfY-fnmo-qnPQuz"} 1
lvm_lv_full_ancestors{lv_full_ancestors="",lv_uuid="vWnwW4-Wxyg-Pwvy-Zmvu-eJRe-H9V3-WhsL1R"} 1
# HELP lvm_lv_full_descendants LV descendants including stored history of the ancestry chain
# TYPE lvm_lv_full_descendants gauge
lvm_lv_full_descendants{lv_full_descendants="",lv_uuid="DEwJ31-ay2n-OaOU-S8YI-R5fQ-jmL8-pM3MBu"} 1
lvm_lv_full_descendants{lv_full_descendants="",lv_uuid="Dos0fN-zXY4-Ciho-aBir-TOHS-p50y-40j0cE"} 1
lvm_lv_full_descendants{lv_full_descendants="",lv_uuid="VvuLW3-KTRc-clwU-vfcM-LFHt-f4B1-ekoqqj"} 1
lvm_lv_full_descendants{lv_full_descendants="",lv_uuid="aZLZ7e-Kkwa-s1D5-jThP-IdfY-fnmo-qnPQuz"} 1
lvm_lv_full_descendants{lv_full_descendants="",lv_uuid="vWnwW4-Wxyg-Pwvy-Zmvu-eJRe-H9V3-WhsL1R"} 1
# HELP lvm_lv_health_status LV health status
# TYPE lvm_lv_health_status gauge
lvm_lv_health_status{lv_health_status="",lv_uuid="DEwJ31-ay2n-OaOU-S8YI-R5fQ-jmL8-pM3MBu"} 1
lvm_lv_health_status{lv_health_status="",lv_uuid="Dos0fN-zXY4-Ciho-aBir-TOHS-p50y-40j0cE"} 1
lvm_lv_health_status{lv_health_status="",lv_uuid="VvuLW3-KTRc-clwU-vfcM-LFHt-f4B1-ekoqqj"} 1
lvm_lv_health_status{lv_health_status="",lv_uuid="aZLZ7e-Kkwa-s1D5-jThP-IdfY-fnmo-qnPQuz"} 1
lvm_lv_health_status{lv_health_status="",lv_uuid="vWnwW4-Wxyg-Pwvy-Zmvu-eJRe-H9V3-WhsL1R"} 1
# HELP lvm_lv_historical Set if the LV is historical
# TYPE lvm_lv_historical gauge
lvm_lv_historical{lv_uuid="DEwJ31-ay2n-OaOU-S8YI-R5fQ-jmL8-pM3MBu"} 0
lvm_lv_historical{lv_uuid="Dos0fN-zXY4-Ciho-aBir-TOHS-p50y-40j0cE"} 0
lvm_lv_historical{lv_uuid="VvuLW3-KTRc-clwU-vfcM-LFHt-f4B1-ekoqqj"} 0
lvm_lv_historical{lv_uuid="aZLZ7e-Kkwa-s1D5-jThP-IdfY-fnmo-qnPQuz"} 0
lvm_lv_historical{lv_uuid="vWnwW4-Wxyg-Pwvy-Zmvu-eJRe-H9V3-WhsL1R"} 0
# HELP lvm_lv_host Creation host of the LV, if known
# TYPE lvm_lv_host gauge
lvm_lv_host{lv_host="localhost",lv_uuid="DEwJ31-ay2n-OaOU-S8YI-R5fQ-jmL8-pM3MBu"} 1
lvm_lv_host{lv_host="localhost",lv_uuid="Dos0fN-zXY4-Ciho-aBir-TOHS-p50y-40j0cE"} 1
lvm_lv_host{lv_host="localhost",lv_uuid="VvuLW3-KTRc-clwU-vfcM-LFHt-f4B1-ekoqqj"} 1
lvm_lv_host{lv_host="localhost",lv_uuid="aZLZ7e-Kkwa-s1D5-jThP-IdfY-fnmo-qnPQuz"} 1
lvm_lv_host{lv_host="localhost",lv_uuid="vWnwW4-Wxyg-Pwvy-Zmvu-eJRe-H9V3-WhsL1R"} 1
# HELP lvm_lv_image_synced Set if mirror/RAID image is synchronized
# TYPE lvm_lv_image_synced gauge
lvm_lv_image_synced{lv_uuid="DEwJ31-ay2n-OaOU-S8YI-R5fQ-jmL8-pM3MBu"} 0
lvm_lv_image_synced{lv_uuid="Dos0fN-zXY4-Ciho-aBir-TOHS-p50y-40j0cE"} 0
lvm_lv_image_synced{lv_uuid="VvuLW3-KTRc-clwU-vfcM-LFHt-f4B1-ekoqqj"} 0
lvm_lv_image_synced{lv_uuid="aZLZ7e-Kkwa-s1D5-jThP-IdfY-fnmo-qnPQuz"} 0
lvm_lv_image_synced{lv_uuid="vWnwW4-Wxyg-Pwvy-Zmvu-eJRe-H9V3-WhsL1R"} 0
# HELP lvm_lv_inactive_table Set if LV has inactive table present
# TYPE lvm_lv_inactive_table gauge
lvm_lv_inactive_table{lv_uuid="DEwJ31-ay2n-OaOU-S8YI-R5fQ-jmL8-pM3MBu"} -1
lvm_lv_inactive_table{lv_uuid="Dos0fN-zXY4-Ciho-aBir-TOHS-p50y-40j0cE"} 0
lvm_lv_inactive_table{lv_uuid="VvuLW3-KTRc-clwU-vfcM-LFHt-f4B1-ekoqqj"} 0
lvm_lv_inactive_table{lv_uuid="aZLZ7e-Kkwa-s1D5-jThP-IdfY-fnmo-qnPQuz"} 0
lvm_lv_inactive_table{lv_uuid="vWnwW4-Wxyg-Pwvy-Zmvu-eJRe-H9V3-WhsL1R"} 0
# HELP lvm_lv_info 
# TYPE lvm_lv_info gauge
lvm_lv_info{lv_full_name="testvg/lvol0_pmspare",lv_name="[lvol0_pmspare]",lv_uuid="DEwJ31-ay2n-OaOU-S8YI-R5fQ-jmL8-pM3MBu"} 1
lvm_lv_info{lv_full_name="testvg/test_thin",lv_name="test_thin",lv_uuid="aZLZ7e-Kkwa-s1D5-jThP-IdfY-fnmo-qnPQuz"} 1
lvm_lv_info{lv_full_name="testvg/testpool",lv_name="testpool",lv_uuid="Dos0fN-zXY4-Ciho-aBir-TOHS-p50y-40j0cE"} 1
lvm_lv_info{lv_full_name="testvg/testpool_tdata",lv_name="[testpool_tdata]",lv_uuid="VvuLW3-KTRc-clwU-vfcM-LFHt-f4B1-ekoqqj"} 1
lvm_lv_info{lv_full_name="testvg/testpool_tmeta",lv_name="[testpool_tmeta]",lv_uuid="vWnwW4-Wxyg-Pwvy-Zmvu-eJRe-H9V3-WhsL1R"} 1
# HELP lvm_lv_initial_image_sync Set if mirror/RAID images underwent initial resynchronization
# TYPE lvm_lv_initial_image_sync gauge
lvm_lv_initial_image_sync{lv_uuid="DEwJ31-ay2n-OaOU-S8YI-R5fQ-jmL8-pM3MBu"} 0
lvm_lv_initial_image_sync{lv_uuid="Dos0fN-zXY4-Ciho-aBir-TOHS-p50y-40j0cE"} 0
lvm_lv_initial_image_sync{lv_uuid="VvuLW3-KTRc-clwU-vfcM-LFHt-f4B1-ekoqqj"} 0
lvm_lv_initial_image_sync{lv_uuid="aZLZ7e-Kkwa-s1D5-jThP-IdfY-fnmo-qnPQuz"} 0
lvm_lv_initial_image_sync{lv_uuid="vWnwW4-Wxyg-Pwvy-Zmvu-eJRe-H9V3-WhsL1R"} 0
# HELP lvm_lv_kernel_cache_policy Cache policy used in kernel
# TYPE lvm_lv_kernel_cache_policy gauge
lvm_lv_kernel_cache_policy{lv_kernel_cache_policy="",lv_uuid="DEwJ31-ay2n-OaOU-S8YI-R5fQ-jmL8-pM3MBu"} 1
lvm_lv_kernel_cache_policy{lv_kernel_cache_policy="",lv_uuid="Dos0fN-zXY4-Ciho-aBir-TOHS-p50y-40j0cE"} 1
lvm_lv_kernel_cache_policy{lv_kernel_cache_policy="",lv_uuid="VvuLW3-KTRc-clwU-vfcM-LFHt-f4B1-ekoqqj"} 1
lvm_lv_kernel_cache_policy{lv_kernel_cache_policy="",lv_uuid="aZLZ7e-Kkwa-s1D5-jThP-IdfY-fnmo-qnPQuz"} 1
lvm_lv_kernel_cache_policy{lv_kernel_cache_policy="",lv_uuid="vWnwW4-Wxyg-Pwvy-Zmvu-eJRe-H9V3-WhsL1R"} 1
# HELP lvm_lv_kernel_cache_settings Cache settings/parameters as set in kernel, including default values (cached segments only)
# TYPE lvm_lv_kernel_cache_settings gauge
lvm_lv_kernel_cache_settings{lv_kernel_cache_settings="",lv_uuid="DEwJ31-ay2n-OaOU-S8YI-R5fQ-jmL8-pM3MBu"} 1
lvm_lv_kernel_cache_settings{lv_kernel_cache_settings="",lv_uuid="Dos0fN-zXY4-Ciho-aBir-TOHS-p50y-40j0cE"} 1
lvm_lv_kernel_cache_settings{lv_kernel_cache_settings="",lv_uuid="VvuLW3-KTRc-clwU-vfcM-LFHt-f4B1-ekoqqj"} 1
lvm_lv_kernel_cache_settings{lv_kernel_cache_settings="",lv_uuid="aZLZ7e-Kkwa-s1D5-jThP-IdfY-fnmo-qnPQuz"} 1
lvm_lv_kernel_cache_settings{lv_kernel_cache_settings="",lv_uuid="vWnwW4-Wxyg-Pwvy-Zmvu-eJRe-H9V3-WhsL1R"} 1
# HELP lvm_lv_kernel_discards For thin pools, how discards are handled in kernel
# TYPE lvm_lv_kernel_discards gauge
lvm_lv_kernel_discards{lv_kernel_discards="",lv_uuid="DEwJ31-ay2n-OaOU-S8YI-R5fQ-jmL8-pM3MBu"} 1
lvm_lv_kernel_discards{lv_kernel_discards="",lv_uuid="VvuLW3-KTRc-clwU-vfcM-LFHt-f4B1-ekoqqj"} 1
lvm_lv_kernel_discards{lv_kernel_discards="",lv_uuid="aZLZ7e-Kkwa-s1D5-jThP-IdfY-fnmo-qnPQuz"} 1
lvm_lv_kernel_discards{lv_kernel_discards="",lv_uuid="vWnwW4-Wxyg-Pwvy-Zmvu-eJRe-H9V3-WhsL1R"} 1
lvm_lv_kernel_discards{lv_kernel_discards="passdown",lv_uuid="Dos0fN-zXY4-Ciho-aBir-TOHS-p50y-40j0cE"} 1
# HELP lvm_lv_kernel_major Currently assigned major number or -1 if LV is not active
# TYPE lvm_lv_kernel_major gauge
lvm_lv_kernel_major{lv_kernel_major="-1",lv_uuid="DEwJ31-ay2n-OaOU-S8YI-R5fQ-jmL8-pM3MBu"} -1
lvm_lv_kernel_major{lv_kernel_major="253",lv_uuid="Dos0fN-zXY4-Ciho-aBir-TOHS-p50y-40j0cE"} 253
lvm_lv_kernel_major{lv_kernel_major="253",lv_uuid="VvuLW3-KTRc-clwU-vfcM-LFHt-f4B1-ekoqqj"} 253
lvm_lv_kernel_major{lv_kernel_major="253",lv_uuid="aZLZ7e-Kkwa-s1D5-jThP-IdfY-fnmo-qnPQuz"} 253
lvm_lv_kernel_major{lv_kernel_major="253",lv_uuid="vWnwW4-Wxyg-Pwvy-Zmvu-eJRe-H9V3-WhsL1R"} 253
# HELP lvm_lv_kernel_metadata_format Cache metadata format used in kernel
# TYPE lvm_lv_kernel_metadata_format gauge
lvm_lv_kernel_metadata_format{lv_kernel_metadata_format="",lv_uuid="DEwJ31-ay2n-OaOU-S8YI-R5fQ-jmL8-pM3MBu"} 1
lvm_lv_kernel_metadata_format{lv_kernel_metadata_format="",lv_uuid="Dos0fN-zXY4-Ciho-aBir-TOHS-p50y-40j0cE"} 1
lvm_lv_kernel_metadata_format{lv_kernel_metadata_format="",lv_uuid="VvuLW3-KTRc-clwU-vfcM-LFHt-f4B1-ekoqqj"} 1
lvm_lv_kernel_metadata_format{lv_kernel_metadata_format="",lv_uuid="aZLZ7e-Kkwa-s1D5-jThP-IdfY-fnmo-qnPQuz"} 1
lvm_lv_kernel_metadata_format{lv_kernel_metadata_format="",lv_uuid="vWnwW4-Wxyg-Pwvy-Zmvu-eJRe-H9V3-WhsL1R"} 1
# HELP lvm_lv_kernel_minor Currently assigned minor number or -1 if LV is not active
# TYPE lvm_lv_kernel_minor gauge
lvm_lv_kernel_minor{lv_kernel_minor="-1",lv_uuid="DEwJ31-ay2n-OaOU-S8YI-R5fQ-jmL8-pM3MBu"} -1
lvm_lv_kernel_minor{lv_kernel_minor="0",lv_uuid="vWnwW4-Wxyg-Pwvy-Zmvu-eJRe-H9V3-WhsL1R"} 0
lvm_lv_kernel_minor{lv_kernel_minor="1",lv_uuid="VvuLW3-KTRc-clwU-vfcM-LFHt-f4B1-ekoqqj"} 1
lvm_lv_kernel_minor{lv_kernel_minor="2",lv_uuid="Dos0fN-zXY4-Ciho-aBir-TOHS-p50y-40j0cE"} 2
lvm_lv_kernel_minor{lv_kernel_minor="4",lv_uuid="aZLZ7e-Kkwa-s1D5-jThP-IdfY-fnmo-qnPQuz"} 4
# HELP lvm_lv_kernel_read_ahead_bytes Currently-in-use read ahead setting
# TYPE lvm_lv_kernel_read_ahead_bytes gauge
lvm_lv_kernel_read_ahead_bytes{lv_kernel_read_ahead_bytes="-1",lv_uuid="DEwJ31-ay2n-OaOU-S8YI-R5fQ-jmL8-pM3MBu"} 1
lvm_lv_kernel_read_ahead_bytes{lv_kernel_read_ahead_bytes="0",lv_uuid="Dos0fN-zXY4-Ciho-aBir-TOHS-p50y-40j0cE"} 1
lvm_lv_kernel_read_ahead_bytes{lv_kernel_read_ahead_bytes="1048576",lv_uuid="aZLZ7e-Kkwa-s1D5-jThP-IdfY-fnmo-qnPQuz"} 1
lvm_lv_kernel_read_ahead_bytes{lv_kernel_read_ahead_bytes="131072",lv_uuid="VvuLW3-KTRc-clwU-vfcM-LFHt-f4B1-ekoqqj"} 1
lvm_lv_kernel_read_ahead_bytes{lv_kernel_read_ahead_bytes="131072",lv_uuid="vWnwW4-Wxyg-Pwvy-Zmvu-eJRe-H9V3-WhsL1R"} 1
# HELP lvm_lv_layout LV layout
# TYPE lvm_lv_layout gauge
lvm_lv_layout{lv_layout="linear",lv_uuid="DEwJ31-ay2n-OaOU-S8YI-R5fQ-jmL8-pM3MBu"} 1
lvm_lv_layout{lv_layout="linear",lv_uuid="VvuLW3-KTRc-clwU-vfcM-LFHt-f4B1-ekoqqj"} 1
lvm_lv_layout{lv_layout="linear",lv_uuid="vWnwW4-Wxyg-Pwvy-Zmvu-eJRe-H9V3-WhsL1R"} 1
lvm_lv_layout{lv_layout="thin,pool",lv_uuid="Dos0fN-zXY4-Ciho-aBir-TOHS-p50y-40j0cE"} 1
lvm_lv_layout{lv_layout="thin,sparse",lv_uuid="aZLZ7e-Kkwa-s1D5-jThP-IdfY-fnmo-qnPQuz"} 1
# HELP lvm_lv_live_table Set if LV has live table present
# TYPE lvm_lv_live_table gauge
lvm_lv_live_table{lv_uuid="DEwJ31-ay2n-OaOU-S8YI-R5fQ-jmL8-pM3MBu"} -1
lvm_lv_live_table{lv_uuid="Dos0fN-zXY4-Ciho-aBir-TOHS-p50y-40j0cE"} 1
lvm_lv_live_table{lv_uuid="VvuLW3-KTRc-clwU-vfcM-LFHt-f4B1-ekoqqj"} 1
lvm_lv_live_table{lv_uuid="aZLZ7e-Kkwa-s1D5-jThP-IdfY-fnmo-qnPQuz"} 1
lvm_lv_live_table{lv_uuid="vWnwW4-Wxyg-Pwvy-Zmvu-eJRe-H9V3-WhsL1R"} 1
# HELP lvm_lv_lockargs Lock args of the LV used by lvmlockd
# TYPE lvm_lv_lockargs gauge
lvm_lv_lockargs{lv_lockargs="",lv_uuid="DEwJ31-ay2n-OaOU-S8YI-R5fQ-jmL8-pM3MBu"} 1
lvm_lv_lockargs{lv_lockargs="",lv_uuid="Dos0fN-zXY4-Ciho-aBir-TOHS-p50y-40j0cE"} 1
lvm_lv_lockargs{lv_lockargs="",lv_uuid="VvuLW3-KTRc-clwU-vfcM-LFHt-f4B1-ekoqqj"} 1
lvm_lv_lockargs{lv_lockargs="",lv_uuid="aZLZ7e-Kkwa-s1D5-jThP-IdfY-fnmo-qnPQuz"} 1
lvm_lv_lockargs{lv_lockargs="",lv_uuid="vWnwW4-Wxyg-Pwvy-Zmvu-eJRe-H9V3-WhsL1R"} 1
# HELP lvm_lv_major Persistent major number or -1 if not persistent
# TYPE lvm_lv_major gauge
lvm_lv_major{lv_major="-1",lv_uuid="DEwJ31-ay2n-OaOU-S8YI-R5fQ-jmL8-pM3MBu"} -1
lvm_lv_major{lv_major="-1",lv_uuid="Dos0fN-zXY4-Ciho-aBir-TOHS-p50y-40j0cE"} -1
lvm_lv_major{lv_major="-1",lv_uuid="VvuLW3-KTRc-clwU-vfcM-LFHt-f4B1-ekoqqj"} -1
lvm_lv_major{lv_major="-1",lv_uuid="aZLZ7e-Kkwa-s1D5-jThP-IdfY-fnmo-qnPQuz"} -1
lvm_lv_major{lv_major="-1",lv_uuid="vWnwW4-Wxyg-Pwvy-Zmvu-eJRe-H9V3-WhsL1R"} -1
# HELP lvm_lv_merge_failed Set if snapshot merge failed
# TYPE lvm_lv_merge_failed gauge
lvm_lv_merge_failed{lv_uuid="DEwJ31-ay2n-OaOU-S8YI-R5fQ-jmL8-pM3MBu"} -1
lvm_lv_merge_failed{lv_uuid="Dos0fN-zXY4-Ciho-aBir-TOHS-p50y-40j0cE"} -1
lvm_lv_merge_failed{lv_uuid="VvuLW3-KTRc-clwU-vfcM-LFHt-f4B1-ekoqqj"} -1
lvm_lv_merge_failed{lv_uuid="aZLZ7e-Kkwa-s1D5-jThP-IdfY-fnmo-qnPQuz"} -1
lvm_lv_merge_failed{lv_uuid="vWnwW4-Wxyg-Pwvy-Zmvu-eJRe-H9V3-WhsL1R"} -1
# HELP lvm_lv_merging Set if snapshot LV is being merged to origin
# TYPE lvm_lv_merging gauge
lvm_lv_merging{lv_uuid="DEwJ31-ay2n-OaOU-S8YI-R5fQ-jmL8-pM3MBu"} 0
lvm_lv_merging{lv_uuid="Dos0fN-zXY4-Ciho-aBir-TOHS-p50y-40j0cE"} 0
lvm_lv_merging{lv_uuid="VvuLW3-KTRc-clwU-vfcM-LFHt-f4B1-ekoqqj"} 0
lvm_lv_merging{lv_uuid="aZLZ7e-Kkwa-s1D5-jThP-IdfY-fnmo-qnPQuz"} 0
lvm_lv_merging{lv_uuid="vWnwW4-Wxyg-Pwvy-Zmvu-eJRe-H9V3-WhsL1R"} 0
# HELP lvm_lv_metadata_lv For cache/thin pools, the LV holding the associated metadata
# TYPE lvm_lv_metadata_lv gauge
lvm_lv_metadata_lv{lv_metadata_lv="",lv_uuid="DEwJ31-ay2n-OaOU-S8YI-R5fQ-jmL8-pM3MBu"} 1
lvm_lv_metadata_lv{lv_metadata_lv="",lv_uuid="VvuLW3-KTRc-clwU-vfcM-LFHt-f4B1-ekoqqj"} 1
lvm_lv_metadata_lv{lv_metadata_lv="",lv_uuid="aZLZ7e-Kkwa-s1D5-jThP-IdfY-fnmo-qnPQuz"} 1
lvm_lv_metadata_lv{lv_metadata_lv="",lv_uuid="vWnwW4-Wxyg-Pwvy-Zmvu-eJRe-H9V3-WhsL1R"} 1
lvm_lv_metadata_lv{lv_metadata_lv="[testpool_tmeta]",lv_uuid="Dos0fN-zXY4-Ciho-aBir-TOHS-p50y-40j0cE"} 1
# HELP lvm_lv_metadata_lv_uuid For cache/thin pools, the UUID of the LV holding the associated metadata
# TYPE lvm_lv_metadata_lv_uuid gauge
lvm_lv_metadata_lv_uuid{lv_metadata_lv_uuid="",lv_uuid="DEwJ31-ay2n-OaOU-S8YI-R5fQ-jmL8-pM3MBu"} 1
lvm_lv_metadata_lv_uuid{lv_metadata_lv_uuid="",lv_uuid="VvuLW3-KTRc-clwU-vfcM-LFHt-f4B1-ekoqqj"} 1
lvm_lv_metadata_lv_uuid{lv_metadata_lv_uuid="",lv_uuid="aZLZ7e-Kkwa-s1D5-jThP-IdfY-fnmo-qnPQuz"} 1
lvm_lv_metadata_lv_uuid{lv_metadata_lv_uuid="",lv_uuid="vWnwW4-Wxyg-Pwvy-Zmvu-eJRe-H9V3-WhsL1R"} 1
lvm_lv_metadata_lv_uuid{lv_metadata_lv_uuid="vWnwW4-Wxyg-Pwvy-Zmvu-eJRe-H9V3-WhsL1R",lv_uuid="Dos0fN-zXY4-Ciho-aBir-TOHS-p50y-40j0cE"} 1
# HELP lvm_lv_metadata_percent For cache and thin pools, the percentage of metadata full if LV is active
# TYPE lvm_lv_metadata_percent gauge
lvm_lv_metadata_percent{lv_uuid="Dos0fN-zXY4-Ciho-aBir-TOHS-p50y-40j0cE"} 10.94
# HELP lvm_lv_metadata_size_bytes For thin and cache pools, the size of the LV that holds the metadata
# TYPE lvm_lv_metadata_size_bytes gauge
lvm_lv_metadata_size_bytes{lv_uuid="Dos0fN-zXY4-Ciho-aBir-TOHS-p50y-40j0cE"} 4.194304e+06
# HELP lvm_lv_minor Persistent minor number or -1 if not persistent
# TYPE lvm_lv_minor gauge
lvm_lv_minor{lv_minor="-1",lv_uuid="DEwJ31-ay2n-OaOU-S8YI-R5fQ-jmL8-pM3MBu"} -1
lvm_lv_minor{lv_minor="-1",lv_uuid="Dos0fN-zXY4-Ciho-aBir-TOHS-p50y-40j0cE"} -1
lvm_lv_minor{lv_minor="-1",lv_uuid="VvuLW3-KTRc-clwU-vfcM-LFHt-f4B1-ekoqqj"} -1
lvm_lv_minor{lv_minor="-1",lv_uuid="aZLZ7e-Kkwa-s1D5-jThP-IdfY-fnmo-qnPQuz"} -1
lvm_lv_minor{lv_minor="-1",lv_uuid="vWnwW4-Wxyg-Pwvy-Zmvu-eJRe-H9V3-WhsL1R"} -1
# HELP lvm_lv_mirror_log For mirrors, the LV holding the synchronisation log
# TYPE lvm_lv_mirror_log gauge
lvm_lv_mirror_log{lv_mirror_log="",lv_uuid="DEwJ31-ay2n-OaOU-S8YI-R5fQ-jmL8-pM3MBu"} 1
lvm_lv_mirror_log{lv_mirror_log="",lv_uuid="Dos0fN-zXY4-Ciho-aBir-TOHS-p50y-40j0cE"} 1
lvm_lv_mirror_log{lv_mirror_log="",lv_uuid="VvuLW3-KTRc-clwU-vfcM-LFHt-f4B1-ekoqqj"} 1
lvm_lv_mirror_log{lv_mirror_log="",lv_uuid="aZLZ7e-Kkwa-s1D5-jThP-IdfY-fnmo-qnPQuz"} 1
lvm_lv_mirror_log{lv_mirror_log="",lv_uuid="vWnwW4-Wxyg-Pwvy-Zmvu-eJRe-H9V3-WhsL1R"} 1
# HELP lvm_lv_mirror_log_uuid For mirrors, the UUID of the LV holding the synchronisation log
# TYPE lvm_lv_mirror_log_uuid gauge
lvm_lv_mirror_log_uuid{lv_mirror_log_uuid="",lv_uuid="DEwJ31-ay2n-OaOU-S8YI-R5fQ-jmL8-pM3MBu"} 1
lvm_lv_mirror_log_uuid{lv_mirror_log_uuid="",lv_uuid="Dos0fN-zXY4-Ciho-aBir-TOHS-p50y-40j0cE"} 1
lvm_lv_mirror_log_uuid{lv_mirror_log_uuid="",lv_uuid="VvuLW3-KTRc-clwU-vfcM-LFHt-f4B1-ekoqqj"} 1
lvm_lv_mirror_log_uuid{lv_mirror_log_uuid="",lv_uuid="aZLZ7e-Kkwa-s1D5-jThP-IdfY-fnmo-qnPQuz"} 1
lvm_lv_mirror_log_uuid{lv_mirror_log_uuid="",lv_uuid="vWnwW4-Wxyg-Pwvy-Zmvu-eJRe-H9V3-WhsL1R"} 1
# HELP lvm_lv_modules Kernel device-mapper modules required for this LV
# TYPE lvm_lv_modules gauge
lvm_lv_modules{lv_modules="",lv_uuid="DEwJ31-ay2n-OaOU-S8YI-R5fQ-jmL8-pM3MBu"} 1
lvm_lv_modules{lv_modules="",lv_uuid="VvuLW3-KTRc-clwU-vfcM-LFHt-f4B1-ekoqqj"} 1
lvm_lv_modules{lv_modules="",lv_uuid="vWnwW4-Wxyg-Pwvy-Zmvu-eJRe-H9V3-WhsL1R"} 1
lvm_lv_modules{lv_modules="thin,thin-pool",lv_uuid="aZLZ7e-Kkwa-s1D5-jThP-IdfY-fnmo-qnPQuz"} 1
lvm_lv_modules{lv_modules="thin-pool",lv_uuid="Dos0fN-zXY4-Ciho-aBir-TOHS-p50y-40j0cE"} 1
# HELP lvm_lv_move_pv For pvmove, Source PV of temporary LV created by pvmove
# TYPE lvm_lv_move_pv gauge
lvm_lv_move_pv{lv_move_pv="",lv_uuid="DEwJ31-ay2n-OaOU-S8YI-R5fQ-jmL8-pM3MBu"} 1
lvm_lv_move_pv{lv_move_pv="",lv_uuid="Dos0fN-zXY4-Ciho-aBir-TOHS-p50y-40j0cE"} 1
lvm_lv_move_pv{lv_move_pv="",lv_uuid="VvuLW3-KTRc-clwU-vfcM-LFHt-f4B1-ekoqqj"} 1
lvm_lv_move_pv{lv_move_pv="",lv_uuid="aZLZ7e-Kkwa-s1D5-jThP-IdfY-fnmo-qnPQuz"} 1
lvm_lv_move_pv{lv_move_pv="",lv_uuid="vWnwW4-Wxyg-Pwvy-Zmvu-eJRe-H9V3-WhsL1R"} 1
# HELP lvm_lv_move_pv_uuid For pvmove, the UUID of Source PV of temporary LV created by pvmove
# TYPE lvm_lv_move_pv_uuid gauge
lvm_lv_move_pv_uuid{lv_move_pv_uuid="",lv_uuid="DEwJ31-ay2n-OaOU-S8YI-R5fQ-jmL8-pM3MBu"} 1
lvm_lv_move_pv_uuid{lv_move_pv_uuid="",lv_uuid="Dos0fN-zXY4-Ciho-aBir-TOHS-p50y-40j0cE"} 1
lvm_lv_move_pv_uuid{lv_move_pv_uuid="",lv_uuid="VvuLW3-KTRc-clwU-vfcM-LFHt-f4B1-ekoqqj"} 1
lvm_lv_move_pv_uuid{lv_move_pv_uuid="",lv_uuid="aZLZ7e-Kkwa-s1D5-jThP-IdfY-fnmo-qnPQuz"} 1
lvm_lv_move_pv_uuid{lv_move_pv_uuid="",lv_uuid="vWnwW4-Wxyg-Pwvy-Zmvu-eJRe-H9V3-WhsL1R"} 1
# HELP lvm_lv_origin For snapshots and thins, the origin device of this LV
# TYPE lvm_lv_origin gauge
lvm_lv_origin{lv_origin="",lv_uuid="DEwJ31-ay2n-OaOU-S8YI-R5fQ-jmL8-pM3MBu"} 1
lvm_lv_origin{lv_origin="",lv_uuid="Dos0fN-zXY4-Ciho-aBir-TOHS-p50y-40j0cE"} 1
lvm_lv_origin{lv_origin="",lv_uuid="VvuLW3-KTRc-clwU-vfcM-LFHt-f4B1-ekoqqj"} 1
lvm_lv_origin{lv_origin="",lv_uuid="aZLZ7e-Kkwa-s1D5-jThP-IdfY-fnmo-qnPQuz"} 1
lvm_lv_origin{lv_origin="",lv_uuid="vWnwW4-Wxyg-Pwvy-Zmvu-eJRe-H9V3-WhsL1R"} 1
# HELP lvm_lv_origin_uuid For snapshots and thins, the UUID of origin device of this LV
# TYPE lvm_lv_origin_uuid gauge
lvm_lv_origin_uuid{lv_origin_uuid="",lv_uuid="DEwJ31-ay2n-OaOU-S8YI-R5fQ-jmL8-pM3MBu"} 1
lvm_lv_origin_uuid{lv_origin_uuid="",lv_uuid="Dos0fN-zXY4-Ciho-aBir-TOHS-p50y-40j0cE"} 1
lvm_lv_origin_uuid{lv_origin_uuid="",lv_uuid="VvuLW3-KTRc-clwU-vfcM-LFHt-f4B1-ekoqqj"} 1
lvm_lv_origin_uuid{lv_origin_uuid="",lv_uuid="aZLZ7e-Kkwa-s1D5-jThP-IdfY-fnmo-qnPQuz"} 1
lvm_lv_origin_uuid{lv_origin_uuid="",lv_uuid="vWnwW4-Wxyg-Pwvy-Zmvu-eJRe-H9V3-WhsL1R"} 1
# HELP lvm_lv_parent For LVs that are components of another LV, the parent LV
# TYPE lvm_lv_parent gauge
lvm_lv_parent{lv_parent="",lv_uuid="DEwJ31-ay2n-OaOU-S8YI-R5fQ-jmL8-pM3MBu"} 1
lvm_lv_parent{lv_parent="",lv_uuid="Dos0fN-zXY4-Ciho-aBir-TOHS-p50y-40j0cE"} 1
lvm_lv_parent{lv_parent="",lv_uuid="aZLZ7e-Kkwa-s1D5-jThP-IdfY-fnmo-qnPQuz"} 1
lvm_lv_parent{lv_parent="testpool",lv_uuid="VvuLW3-KTRc-clwU-vfcM-LFHt-f4B1-ekoqqj"} 1
lvm_lv_parent{lv_parent="testpool",lv_uuid="vWnwW4-Wxyg-Pwvy-Zmvu-eJRe-H9V3-WhsL1R"} 1
# HELP lvm_lv_path Full pathname for LV. Blank for internal LVs
# TYPE lvm_lv_path gauge
lvm_lv_path{lv_path="",lv_uuid="DEwJ31-ay2n-OaOU-S8YI-R5fQ-jmL8-pM3MBu"} 1
lvm_lv_path{lv_path="",lv_uuid="Dos0fN-zXY4-Ciho-aBir-TOHS-p50y-40j0cE"} 1
lvm_lv_path{lv_path="",lv_uuid="VvuLW3-KTRc-clwU-vfcM-LFHt-f4B1-ekoqqj"} 1
lvm_lv_path{lv_path="",lv_uuid="vWnwW4-Wxyg-Pwvy-Zmvu-eJRe-H9V3-WhsL1R"} 1
lvm_lv_path{lv_path="/dev/testvg/test_thin",lv_uuid="aZLZ7e-Kkwa-s1D5-jThP-IdfY-fnmo-qnPQuz"} 1
# HELP lvm_lv_permissions LV permissions
# TYPE lvm_lv_permissions gauge
lvm_lv_permissions{lv_permissions="unknown",lv_uuid="DEwJ31-ay2n-OaOU-S8YI-R5fQ-jmL8-pM3MBu"} 1
lvm_lv_permissions{lv_permissions="writeable",lv_uuid="Dos0fN-zXY4-Ciho-aBir-TOHS-p50y-40j0cE"} 1
lvm_lv_permissions{lv_permissions="writeable",lv_uuid="VvuLW3-KTRc-clwU-vfcM-LFHt-f4B1-ekoqqj"} 1
lvm_lv_permissions{lv_permissions="writeable",lv_uuid="aZLZ7e-Kkwa-s1D5-jThP-IdfY-fnmo-qnPQuz"} 1
lvm_lv_permissions{lv_permissions="writeable",lv_uuid="vWnwW4-Wxyg-Pwvy-Zmvu-eJRe-H9V3-WhsL1R"} 1
# HELP lvm_lv_pool_lv For cache/thin/vdo volumes, the cache/thin/vdo pool LV for this volume
# TYPE lvm_lv_pool_lv gauge
lvm_lv_pool_lv{lv_pool_lv="",lv_uuid="DEwJ31-ay2n-OaOU-S8YI-R5fQ-jmL8-pM3MBu"} 1
lvm_lv_pool_lv{lv_pool_lv="",lv_uuid="Dos0fN-zXY4-Ciho-aBir-TOHS-p50y-40j0cE"} 1
lvm_lv_pool_lv{lv_pool_lv="",lv_uuid="VvuLW3-KTRc-clwU-vfcM-LFHt-f4B1-ekoqqj"} 1
lvm_lv_pool_lv{lv_pool_lv="",lv_uuid="vWnwW4-Wxyg-Pwvy-Zmvu-eJRe-H9V3-WhsL1R"} 1
lvm_lv_pool_lv{lv_pool_lv="testpool",lv_uuid="aZLZ7e-Kkwa-s1D5-jThP-IdfY-fnmo-qnPQuz"} 1
# HELP lvm_lv_pool_lv_uuid For cache/thin/vdo volumes, the UUID of the cache/thin/vdo pool LV for this volume
# TYPE lvm_lv_pool_lv_uuid gauge
lvm_lv_pool_lv_uuid{lv_pool_lv_uuid="",lv_uuid="DEwJ31-ay2n-OaOU-S8YI-R5fQ-jmL8-pM3MBu"} 1
lvm_lv_pool_lv_uuid{lv_pool_lv_uuid="",lv_uuid="Dos0fN-zXY4-Ciho-aBir-TOHS-p50y-40j0cE"} 1
lvm_lv_pool_lv_uuid{lv_pool_lv_uuid="",lv_uuid="VvuLW3-KTRc-clwU-vfcM-LFHt-f4B1-ekoqqj"} 1
lvm_lv_pool_lv_uuid{lv_pool_lv_uuid="",lv_uuid="vWnwW4-Wxyg-Pwvy-Zmvu-eJRe-H9V3-WhsL1R"} 1
lvm_lv_pool_lv_uuid{lv_pool_lv_uuid="Dos0fN-zXY4-Ciho-aBir-TOHS-p50y-40j0cE",lv_uuid="aZLZ7e-Kkwa-s1D5-jThP-IdfY-fnmo-qnPQuz"} 1
# HELP lvm_lv_profile Configuration profile attached to this LV
# TYPE lvm_lv_profile gauge
lvm_lv_profile{lv_profile="",lv_uuid="aZLZ7e-Kkwa-s1D5-jThP-IdfY-fnmo-qnPQuz"} 1
lvm_lv_profile{lv_profile="thin-performance",lv_uuid="DEwJ31-ay2n-OaOU-S8YI-R5fQ-jmL8-pM3MBu"} 1
lvm_lv_profile{lv_profile="thin-performance",lv_uuid="Dos0fN-zXY4-Ciho-aBir-TOHS-p50y-40j0cE"} 1
lvm_lv_profile{lv_profile="thin-performance",lv_uuid="VvuLW3-KTRc-clwU-vfcM-LFHt-f4B1-ekoqqj"} 1
lvm_lv_profile{lv_profile="thin-performance",lv_uuid="vWnwW4-Wxyg-Pwvy-Zmvu-eJRe-H9V3-WhsL1R"} 1
# HELP lvm_lv_raid_sync_action For RAID, the current synchronization action being performed
# TYPE lvm_lv_raid_sync_action gauge
lvm_lv_raid_sync_action{lv_raid_sync_action="",lv_uuid="DEwJ31-ay2n-OaOU-S8YI-R5fQ-jmL8-pM3MBu"} 1
lvm_lv_raid_sync_action{lv_raid_sync_action="",lv_uuid="Dos0fN-zXY4-Ciho-aBir-TOHS-p50y-40j0cE"} 1
lvm_lv_raid_sync_action{lv_raid_sync_action="",lv_uuid="VvuLW3-KTRc-clwU-vfcM-LFHt-f4B1-ekoqqj"} 1
lvm_lv_raid_sync_action{lv_raid_sync_action="",lv_uuid="aZLZ7e-Kkwa-s1D5-jThP-IdfY-fnmo-qnPQuz"} 1
lvm_lv_raid_sync_action{lv_raid_sync_action="",lv_uuid="vWnwW4-Wxyg-Pwvy-Zmvu-eJRe-H9V3-WhsL1R"} 1
# HELP lvm_lv_raidintegrityblocksize The integrity block size
# TYPE lvm_lv_raidintegrityblocksize gauge
lvm_lv_raidintegrityblocksize{lv_uuid="DEwJ31-ay2n-OaOU-S8YI-R5fQ-jmL8-pM3MBu"} -1
lvm_lv_raidintegrityblocksize{lv_uuid="Dos0fN-zXY4-Ciho-aBir-TOHS-p50y-40j0cE"} -1
lvm_lv_raidintegrityblocksize{lv_uuid="VvuLW3-KTRc-clwU-vfcM-LFHt-f4B1-ekoqqj"} -1
lvm_lv_raidintegrityblocksize{lv_uuid="aZLZ7e-Kkwa-s1D5-jThP-IdfY-fnmo-qnPQuz"} -1
lvm_lv_raidintegrityblocksize{lv_uuid="vWnwW4-Wxyg-Pwvy-Zmvu-eJRe-H9V3-WhsL1R"} -1
# HELP lvm_lv_raidintegritymode The integrity mode
# TYPE lvm_lv_raidintegritymode gauge
lvm_lv_raidintegritymode{lv_raidintegritymode="",lv_uuid="DEwJ31-ay2n-OaOU-S8YI-R5fQ-jmL8-pM3MBu"} 1
lvm_lv_raidintegritymode{lv_raidintegritymode="",lv_uuid="Dos0fN-zXY4-Ciho-aBir-TOHS-p50y-40j0cE"} 1
lvm_lv_raidintegritymode{lv_raidintegritymode="",lv_uuid="VvuLW3-KTRc-clwU-vfcM-LFHt-f4B1-ekoqqj"} 1
lvm_lv_raidintegritymode{lv_raidintegritymode="",lv_uuid="aZLZ7e-Kkwa-s1D5-jThP-IdfY-fnmo-qnPQuz"} 1
lvm_lv_raidintegritymode{lv_raidintegritymode="",lv_uuid="vWnwW4-Wxyg-Pwvy-Zmvu-eJRe-H9V3-WhsL1R"} 1
# HELP lvm_lv_read_ahead_bytes Read ahead setting
# TYPE lvm_lv_read_ahead_bytes gauge
lvm_lv_read_ahead_bytes{lv_uuid="DEwJ31-ay2n-OaOU-S8YI-R5fQ-jmL8-pM3MBu"} -1
lvm_lv_read_ahead_bytes{lv_uuid="Dos0fN-zXY4-Ciho-aBir-TOHS-p50y-40j0cE"} -1
lvm_lv_read_ahead_bytes{lv_uuid="VvuLW3-KTRc-clwU-vfcM-LFHt-f4B1-ekoqqj"} -1
lvm_lv_read_ahead_bytes{lv_uuid="aZLZ7e-Kkwa-s1D5-jThP-IdfY-fnmo-qnPQuz"} -1
lvm_lv_read_ahead_bytes{lv_uuid="vWnwW4-Wxyg-Pwvy-Zmvu-eJRe-H9V3-WhsL1R"} -1
# HELP lvm_lv_role LV role
# TYPE lvm_lv_role gauge
lvm_lv_role{lv_role="private",lv_uuid="Dos0fN-zXY4-Ciho-aBir-TOHS-p50y-40j0cE"} 1
lvm_lv_role{lv_role="private,pool,spare",lv_uuid="DEwJ31-ay2n-OaOU-S8YI-R5fQ-jmL8-pM3MBu"} 1
lvm_lv_role{lv_role="private,thin,pool,data",lv_uuid="VvuLW3-KTRc-clwU-vfcM-LFHt-f4B1-ekoqqj"} 1
lvm_lv_role{lv_role="private,thin,pool,metadata",lv_uuid="vWnwW4-Wxyg-Pwvy-Zmvu-eJRe-H9V3-WhsL1R"} 1
lvm_lv_role{lv_role="public",lv_uuid="aZLZ7e-Kkwa-s1D5-jThP-IdfY-fnmo-qnPQuz"} 1
# HELP lvm_lv_seg_count Number of segments in LV
# TYPE lvm_lv_seg_count gauge
lvm_lv_seg_count{lv_uuid="DEwJ31-ay2n-OaOU-S8YI-R5fQ-jmL8-pM3MBu"} 1
lvm_lv_seg_count{lv_uuid="Dos0fN-zXY4-Ciho-aBir-TOHS-p50y-40j0cE"} 1
lvm_lv_seg_count{lv_uuid="VvuLW3-KTRc-clwU-vfcM-LFHt-f4B1-ekoqqj"} 1
lvm_lv_seg_count{lv_uuid="aZLZ7e-Kkwa-s1D5-jThP-IdfY-fnmo-qnPQuz"} 1
lvm_lv_seg_count{lv_uuid="vWnwW4-Wxyg-Pwvy-Zmvu-eJRe-H9V3-WhsL1R"} 1
# HELP lvm_lv_size_bytes Size of LV
# TYPE lvm_lv_size_bytes gauge
lvm_lv_size_bytes{lv_uuid="DEwJ31-ay2n-OaOU-S8YI-R5fQ-jmL8-pM3MBu"} 4.194304e+06
lvm_lv_size_bytes{lv_uuid="Dos0fN-zXY4-Ciho-aBir-TOHS-p50y-40j0cE"} 1.073741824e+09
lvm_lv_size_bytes{lv_uuid="VvuLW3-KTRc-clwU-vfcM-LFHt-f4B1-ekoqqj"} 1.073741824e+09
lvm_lv_size_bytes{lv_uuid="aZLZ7e-Kkwa-s1D5-jThP-IdfY-fnmo-qnPQuz"} 1.073741824e+09
lvm_lv_size_bytes{lv_uuid="vWnwW4-Wxyg-Pwvy-Zmvu-eJRe-H9V3-WhsL1R"} 4.194304e+06
# HELP lvm_lv_skip_activation Set if LV is skipped on activation
# TYPE lvm_lv_skip_activation gauge
lvm_lv_skip_activation{lv_uuid="DEwJ31-ay2n-OaOU-S8YI-R5fQ-jmL8-pM3MBu"} 0
lvm_lv_skip_activation{lv_uuid="Dos0fN-zXY4-Ciho-aBir-TOHS-p50y-40j0cE"} 0
lvm_lv_skip_activation{lv_uuid="VvuLW3-KTRc-clwU-vfcM-LFHt-f4B1-ekoqqj"} 0
lvm_lv_skip_activation{lv_uuid="aZLZ7e-Kkwa-s1D5-jThP-IdfY-fnmo-qnPQuz"} 0
lvm_lv_skip_activation{lv_uuid="vWnwW4-Wxyg-Pwvy-Zmvu-eJRe-H9V3-WhsL1R"} 0
# HELP lvm_lv_snap_percent For snapshots, the percentage full if LV is active
# TYPE lvm_lv_snap_percent gauge
lvm_lv_snap_percent{lv_uuid="Dos0fN-zXY4-Ciho-aBir-TOHS-p50y-40j0cE"} 0
lvm_lv_snap_percent{lv_uuid="aZLZ7e-Kkwa-s1D5-jThP-IdfY-fnmo-qnPQuz"} 0
# HELP lvm_lv_snapshot_invalid Set if snapshot LV is invalid
# TYPE lvm_lv_snapshot_invalid gauge
lvm_lv_snapshot_invalid{lv_uuid="DEwJ31-ay2n-OaOU-S8YI-R5fQ-jmL8-pM3MBu"} -1
lvm_lv_snapshot_invalid{lv_uuid="Dos0fN-zXY4-Ciho-aBir-TOHS-p50y-40j0cE"} -1
lvm_lv_snapshot_invalid{lv_uuid="VvuLW3-KTRc-clwU-vfcM-LFHt-f4B1-ekoqqj"} -1
lvm_lv_snapshot_invalid{lv_uuid="aZLZ7e-Kkwa-s1D5-jThP-IdfY-fnmo-qnPQuz"} -1
lvm_lv_snapshot_invalid{lv_uuid="vWnwW4-Wxyg-Pwvy-Zmvu-eJRe-H9V3-WhsL1R"} -1
# HELP lvm_lv_suspended Set if LV is suspended
# TYPE lvm_lv_suspended gauge
lvm_lv_suspended{lv_uuid="DEwJ31-ay2n-OaOU-S8YI-R5fQ-jmL8-pM3MBu"} -1
lvm_lv_suspended{lv_uuid="Dos0fN-zXY4-Ciho-aBir-TOHS-p50y-40j0cE"} 0
lvm_lv_suspended{lv_uuid="VvuLW3-KTRc-clwU-vfcM-LFHt-f4B1-ekoqqj"} 0
lvm_lv_suspended{lv_uuid="aZLZ7e-Kkwa-s1D5-jThP-IdfY-fnmo-qnPQuz"} 0
lvm_lv_suspended{lv_uuid="vWnwW4-Wxyg-Pwvy-Zmvu-eJRe-H9V3-WhsL1R"} 0
# HELP lvm_lv_tags Tags, if any
# TYPE lvm_lv_tags gauge
lvm_lv_tags{lv_tags="",lv_uuid="DEwJ31-ay2n-OaOU-S8YI-R5fQ-jmL8-pM3MBu"} 1
lvm_lv_tags{lv_tags="",lv_uuid="Dos0fN-zXY4-Ciho-aBir-TOHS-p50y-40j0cE"} 1
lvm_lv_tags{lv_tags="",lv_uuid="VvuLW3-KTRc-clwU-vfcM-LFHt-f4B1-ekoqqj"} 1
lvm_lv_tags{lv_tags="",lv_uuid="aZLZ7e-Kkwa-s1D5-jThP-IdfY-fnmo-qnPQuz"} 1
lvm_lv_tags{lv_tags="",lv_uuid="vWnwW4-Wxyg-Pwvy-Zmvu-eJRe-H9V3-WhsL1R"} 1
# HELP lvm_lv_time Creation time of the LV, if known
# TYPE lvm_lv_time gauge
lvm_lv_time{lv_uuid="DEwJ31-ay2n-OaOU-S8YI-R5fQ-jmL8-pM3MBu"} 1.7596924e+09
lvm_lv_time{lv_uuid="Dos0fN-zXY4-Ciho-aBir-TOHS-p50y-40j0cE"} 1.7596924e+09
lvm_lv_time{lv_uuid="VvuLW3-KTRc-clwU-vfcM-LFHt-f4B1-ekoqqj"} 1.7596924e+09
lvm_lv_time{lv_uuid="aZLZ7e-Kkwa-s1D5-jThP-IdfY-fnmo-qnPQuz"} 1.759692415e+09
lvm_lv_time{lv_uuid="vWnwW4-Wxyg-Pwvy-Zmvu-eJRe-H9V3-WhsL1R"} 1.7596924e+09
# HELP lvm_lv_vdo_compression_state For vdo pools, whether compression is running
# TYPE lvm_lv_vdo_compression_state gauge
lvm_lv_vdo_compression_state{lv_uuid="DEwJ31-ay2n-OaOU-S8YI-R5fQ-jmL8-pM3MBu",lv_vdo_compression_state=""} 1
lvm_lv_vdo_compression_state{lv_uuid="Dos0fN-zXY4-Ciho-aBir-TOHS-p50y-40j0cE",lv_vdo_compression_state=""} 1
lvm_lv_vdo_compression_state{lv_uuid="VvuLW3-KTRc-clwU-vfcM-LFHt-f4B1-ekoqqj",lv_vdo_compression_state=""} 1
lvm_lv_vdo_compression_state{lv_uuid="aZLZ7e-Kkwa-s1D5-jThP-IdfY-fnmo-qnPQuz",lv_vdo_compression_state=""} 1
lvm_lv_vdo_compression_state{lv_uuid="vWnwW4-Wxyg-Pwvy-Zmvu-eJRe-H9V3-WhsL1R",lv_vdo_compression_state=""} 1
# HELP lvm_lv_vdo_index_state For vdo pools, state of index for deduplication
# TYPE lvm_lv_vdo_index_state gauge
lvm_lv_vdo_index_state{lv_uuid="DEwJ31-ay2n-OaOU-S8YI-R5fQ-jmL8-pM3MBu",lv_vdo_index_state=""} 1
lvm_lv_vdo_index_state{lv_uuid="Dos0fN-zXY4-Ciho-aBir-TOHS-p50y-40j0cE",lv_vdo_index_state=""} 1
lvm_lv_vdo_index_state{lv_uuid="VvuLW3-KTRc-clwU-vfcM-LFHt-f4B1-ekoqqj",lv_vdo_index_state=""} 1
lvm_lv_vdo_index_state{lv_uuid="aZLZ7e-Kkwa-s1D5-jThP-IdfY-fnmo-qnPQuz",lv_vdo_index_state=""} 1
lvm_lv_vdo_index_state{lv_uuid="vWnwW4-Wxyg-Pwvy-Zmvu-eJRe-H9V3-WhsL1R",lv_vdo_index_state=""} 1
# HELP lvm_lv_vdo_operating_mode For vdo pools, its current operating mode
# TYPE lvm_lv_vdo_operating_mode gauge
lvm_lv_vdo_operating_mode{lv_uuid="DEwJ31-ay2n-OaOU-S8YI-R5fQ-jmL8-pM3MBu",lv_vdo_operating_mode=""} 1
lvm_lv_vdo_operating_mode{lv_uuid="Dos0fN-zXY4-Ciho-aBir-TOHS-p50y-40j0cE",lv_vdo_operating_mode=""} 1
lvm_lv_vdo_operating_mode{lv_uuid="VvuLW3-KTRc-clwU-vfcM-LFHt-f4B1-ekoqqj",lv_vdo_operating_mode=""} 1
lvm_lv_vdo_operating_mode{lv_uuid="aZLZ7e-Kkwa-s1D5-jThP-IdfY-fnmo-qnPQuz",lv_vdo_operating_mode=""} 1
lvm_lv_vdo_operating_mode{lv_uuid="vWnwW4-Wxyg-Pwvy-Zmvu-eJRe-H9V3-WhsL1R",lv_vdo_operating_mode=""} 1
# HELP lvm_lv_when_full For thin pools, behavior when full
# TYPE lvm_lv_when_full gauge
lvm_lv_when_full{lv_uuid="DEwJ31-ay2n-OaOU-S8YI-R5fQ-jmL8-pM3MBu",lv_when_full=""} 1
lvm_lv_when_full{lv_uuid="Dos0fN-zXY4-Ciho-aBir-TOHS-p50y-40j0cE",lv_when_full="queue"} 1
lvm_lv_when_full{lv_uuid="VvuLW3-KTRc-clwU-vfcM-LFHt-f4B1-ekoqqj",lv_when_full=""} 1
lvm_lv_when_full{lv_uuid="aZLZ7e-Kkwa-s1D5-jThP-IdfY-fnmo-qnPQuz",lv_when_full=""} 1
lvm_lv_when_full{lv_uuid="vWnwW4-Wxyg-Pwvy-Zmvu-eJRe-H9V3-WhsL1R",lv_when_full=""} 1
# HELP lvm_pv_allocatable Set if this device can be used for allocation
# TYPE lvm_pv_allocatable gauge
lvm_pv_allocatable{pv_uuid="jTZTB1-3SXG-End5-n4XS-yZOU-rIBw-v3nDPn"} 1
# HELP lvm_pv_attr 
# TYPE lvm_pv_attr gauge
lvm_pv_attr{pv_attr="a--",pv_uuid="jTZTB1-3SXG-End5-n4XS-yZOU-rIBw-v3nDPn"} 1
# HELP lvm_pv_ba_size_bytes Size of PV Bootloader Area
# TYPE lvm_pv_ba_size_bytes gauge
lvm_pv_ba_size_bytes{pv_uuid="jTZTB1-3SXG-End5-n4XS-yZOU-rIBw-v3nDPn"} 0
# HELP lvm_pv_ba_start Offset to the start of PV Bootloader Area on the underlying device
# TYPE lvm_pv_ba_start gauge
lvm_pv_ba_start{pv_uuid="jTZTB1-3SXG-End5-n4XS-yZOU-rIBw-v3nDPn"} 0
# HELP lvm_pv_dev_size_bytes Size of underlying device
# TYPE lvm_pv_dev_size_bytes gauge
lvm_pv_dev_size_bytes{pv_uuid="jTZTB1-3SXG-End5-n4XS-yZOU-rIBw-v3nDPn"} 2.097152e+09
# HELP lvm_pv_duplicate Set if PV is an unchosen duplicate
# TYPE lvm_pv_duplicate gauge
lvm_pv_duplicate{pv_uuid="jTZTB1-3SXG-End5-n4XS-yZOU-rIBw-v3nDPn"} 0
# HELP lvm_pv_exported Set if this device is exported
# TYPE lvm_pv_exported gauge
lvm_pv_exported{pv_uuid="jTZTB1-3SXG-End5-n4XS-yZOU-rIBw-v3nDPn"} 0
# HELP lvm_pv_ext_vsn PV header extension version
# TYPE lvm_pv_ext_vsn gauge
lvm_pv_ext_vsn{pv_uuid="jTZTB1-3SXG-End5-n4XS-yZOU-rIBw-v3nDPn"} 2
# HELP lvm_pv_fmt Type of metadata
# TYPE lvm_pv_fmt gauge
lvm_pv_fmt{pv_fmt="lvm2",pv_uuid="jTZTB1-3SXG-End5-n4XS-yZOU-rIBw-v3nDPn"} 1
# HELP lvm_pv_free_bytes Total amount of unallocated space
# TYPE lvm_pv_free_bytes gauge
lvm_pv_free_bytes{pv_uuid="jTZTB1-3SXG-End5-n4XS-yZOU-rIBw-v3nDPn"} 1.010827264e+09
# HELP lvm_pv_in_use Set if PV is used
# TYPE lvm_pv_in_use gauge
lvm_pv_in_use{pv_uuid="jTZTB1-3SXG-End5-n4XS-yZOU-rIBw-v3nDPn"} 1
# HELP lvm_pv_info 
# TYPE lvm_pv_info gauge
lvm_pv_info{pv_name="/dev/loop0",pv_uuid="jTZTB1-3SXG-End5-n4XS-yZOU-rIBw-v3nDPn"} 1
# HELP lvm_pv_major Device major number
# TYPE lvm_pv_major gauge
lvm_pv_major{pv_major="7",pv_uuid="jTZTB1-3SXG-End5-n4XS-yZOU-rIBw-v3nDPn"} 7
# HELP lvm_pv_mda_count Number of metadata areas
# TYPE lvm_pv_mda_count gauge
lvm_pv_mda_count{pv_uuid="jTZTB1-3SXG-End5-n4XS-yZOU-rIBw-v3nDPn"} 1
# HELP lvm_pv_mda_free_bytes Free metadata area space
# TYPE lvm_pv_mda_free_bytes gauge
lvm_pv_mda_free_bytes{pv_uuid="jTZTB1-3SXG-End5-n4XS-yZOU-rIBw-v3nDPn"} 518656
# HELP lvm_pv_mda_size_bytes Size of smallest metadata area
# TYPE lvm_pv_mda_size_bytes gauge
lvm_pv_mda_size_bytes{pv_uuid="jTZTB1-3SXG-End5-n4XS-yZOU-rIBw-v3nDPn"} 1.04448e+06
# HELP lvm_pv_mda_used_count Number of metadata areas in use
# TYPE lvm_pv_mda_used_count gauge
lvm_pv_mda_used_count{pv_uuid="jTZTB1-3SXG-End5-n4XS-yZOU-rIBw-v3nDPn"} 1
# HELP lvm_pv_minor Device minor number
# TYPE lvm_pv_minor gauge
lvm_pv_minor{pv_minor="0",pv_uuid="jTZTB1-3SXG-End5-n4XS-yZOU-rIBw-v3nDPn"} 0
# HELP lvm_pv_missing Set if this device is missing in system
# TYPE lvm_pv_missing gauge
lvm_pv_missing{pv_uuid="jTZTB1-3SXG-End5-n4XS-yZOU-rIBw-v3nDPn"} 0
# HELP lvm_pv_pe_alloc_count Total number of allocated Physical Extents
# TYPE lvm_pv_pe_alloc_count gauge
lvm_pv_pe_alloc_count{pv_uuid="jTZTB1-3SXG-End5-n4XS-yZOU-rIBw-v3nDPn"} 258
# HELP lvm_pv_pe_count Total number of Physical Extents
# TYPE lvm_pv_pe_count gauge
lvm_pv_pe_count{pv_uuid="jTZTB1-3SXG-End5-n4XS-yZOU-rIBw-v3nDPn"} 499
# HELP lvm_pv_pe_start Offset to the start of data on the underlying device
# TYPE lvm_pv_pe_start gauge
lvm_pv_pe_start{pv_uuid="jTZTB1-3SXG-End5-n4XS-yZOU-rIBw-v3nDPn"} 1.048576e+06
# HELP lvm_pv_size_bytes Size of PV
# TYPE lvm_pv_size_bytes gauge
lvm_pv_size_bytes{pv_uuid="jTZTB1-3SXG-End5-n4XS-yZOU-rIBw-v3nDPn"} 2.092957696e+09
# HELP lvm_pv_tags 
# TYPE lvm_pv_tags gauge
lvm_pv_tags{pv_tags="",pv_uuid="jTZTB1-3SXG-End5-n4XS-yZOU-rIBw-v3nDPn"} 1
# HELP lvm_pv_used Total amount of allocated space
# TYPE lvm_pv_used gauge
lvm_pv_used{pv_uuid="jTZTB1-3SXG-End5-n4XS-yZOU-rIBw-v3nDPn"} 1.082130432e+09
# HELP lvm_unknown_field_count Fields reported by LVM not recognized by exporter
# TYPE lvm_unknown_field_count gauge
lvm_unknown_field_count{details="",group="pv"} 0
lvm_unknown_field_count{details="lv_autoactivation, writecache_block_size",group="lv"} 2
lvm_unknown_field_count{details="vg_autoactivation",group="vg"} 1
# HELP lvm_up Whether scrape was successful
# TYPE lvm_up gauge
lvm_up{status=""} 1
# HELP lvm_vg_allocation_policy 
# TYPE lvm_vg_allocation_policy gauge
lvm_vg_allocation_policy{vg_allocation_policy="normal",vg_uuid="kxaLws-Lh46-cUIG-k3hg-gaBU-6z67-VtddNc"} 1
# HELP lvm_vg_attr 
# TYPE lvm_vg_attr gauge
lvm_vg_attr{vg_attr="wz--n-",vg_uuid="kxaLws-Lh46-cUIG-k3hg-gaBU-6z67-VtddNc"} 1
# HELP lvm_vg_clustered Set if VG is clustered
# TYPE lvm_vg_clustered gauge
lvm_vg_clustered{vg_uuid="kxaLws-Lh46-cUIG-k3hg-gaBU-6z67-VtddNc"} 0
# HELP lvm_vg_exported Set if VG is exported
# TYPE lvm_vg_exported gauge
lvm_vg_exported{vg_uuid="kxaLws-Lh46-cUIG-k3hg-gaBU-6z67-VtddNc"} 0
# HELP lvm_vg_extendable Set if VG is extendable
# TYPE lvm_vg_extendable gauge
lvm_vg_extendable{vg_uuid="kxaLws-Lh46-cUIG-k3hg-gaBU-6z67-VtddNc"} 1
# HELP lvm_vg_extent_count Total number of Physical Extents
# TYPE lvm_vg_extent_count gauge
lvm_vg_extent_count{vg_uuid="kxaLws-Lh46-cUIG-k3hg-gaBU-6z67-VtddNc"} 499
# HELP lvm_vg_extent_size_bytes Size of Physical Extents
# TYPE lvm_vg_extent_size_bytes gauge
lvm_vg_extent_size_bytes{vg_uuid="kxaLws-Lh46-cUIG-k3hg-gaBU-6z67-VtddNc"} 4.194304e+06
# HELP lvm_vg_fmt Type of metadata
# TYPE lvm_vg_fmt gauge
lvm_vg_fmt{vg_fmt="lvm2",vg_uuid="kxaLws-Lh46-cUIG-k3hg-gaBU-6z67-VtddNc"} 1
# HELP lvm_vg_free_bytes Total amount of free space in bytes
# TYPE lvm_vg_free_bytes gauge
lvm_vg_free_bytes{vg_uuid="kxaLws-Lh46-cUIG-k3hg-gaBU-6z67-VtddNc"} 1.010827264e+09
# HELP lvm_vg_free_count Total number of unallocated Physical Extents
# TYPE lvm_vg_free_count gauge
lvm_vg_free_count{vg_uuid="kxaLws-Lh46-cUIG-k3hg-gaBU-6z67-VtddNc"} 241
# HELP lvm_vg_info 
# TYPE lvm_vg_info gauge
lvm_vg_info{vg_name="testvg",vg_uuid="kxaLws-Lh46-cUIG-k3hg-gaBU-6z67-VtddNc"} 1
# HELP lvm_vg_lock_args 
# TYPE lvm_vg_lock_args gauge
lvm_vg_lock_args{vg_lock_args="",vg_uuid="kxaLws-Lh46-cUIG-k3hg-gaBU-6z67-VtddNc"} 1
# HELP lvm_vg_lock_type 
# TYPE lvm_vg_lock_type gauge
lvm_vg_lock_type{vg_lock_type="",vg_uuid="kxaLws-Lh46-cUIG-k3hg-gaBU-6z67-VtddNc"} 1
# HELP lvm_vg_lv_count Number of LVs
# TYPE lvm_vg_lv_count gauge
lvm_vg_lv_count{vg_uuid="kxaLws-Lh46-cUIG-k3hg-gaBU-6z67-VtddNc"} 2
# HELP lvm_vg_max_lv Maximum number of LVs allowed in VG or 0 if unlimited
# TYPE lvm_vg_max_lv gauge
lvm_vg_max_lv{vg_uuid="kxaLws-Lh46-cUIG-k3hg-gaBU-6z67-VtddNc"} 0
# HELP lvm_vg_max_pv Maximum number of PVs allowed in VG or 0 if unlimited
# TYPE lvm_vg_max_pv gauge
lvm_vg_max_pv{vg_uuid="kxaLws-Lh46-cUIG-k3hg-gaBU-6z67-VtddNc"} 0
# HELP lvm_vg_mda_copies Target number of in use metadata areas in the VG
# TYPE lvm_vg_mda_copies gauge
lvm_vg_mda_copies{vg_uuid="kxaLws-Lh46-cUIG-k3hg-gaBU-6z67-VtddNc"} 0
# HELP lvm_vg_mda_count Number of metadata areas
# TYPE lvm_vg_mda_count gauge
lvm_vg_mda_count{vg_uuid="kxaLws-Lh46-cUIG-k3hg-gaBU-6z67-VtddNc"} 1
# HELP lvm_vg_mda_free_bytes Free metadata area space for this VG
# TYPE lvm_vg_mda_free_bytes gauge
lvm_vg_mda_free_bytes{vg_uuid="kxaLws-Lh46-cUIG-k3hg-gaBU-6z67-VtddNc"} 518656
# HELP lvm_vg_mda_size_bytes Size of smallest metadata area for this VG
# TYPE lvm_vg_mda_size_bytes gauge
lvm_vg_mda_size_bytes{vg_uuid="kxaLws-Lh46-cUIG-k3hg-gaBU-6z67-VtddNc"} 1.04448e+06
# HELP lvm_vg_mda_used_count Number of metadata areas in use on this VG
# TYPE lvm_vg_mda_used_count gauge
lvm_vg_mda_used_count{vg_uuid="kxaLws-Lh46-cUIG-k3hg-gaBU-6z67-VtddNc"} 1
# HELP lvm_vg_missing_pv_count Number of PVs in VG which are missing
# TYPE lvm_vg_missing_pv_count gauge
lvm_vg_missing_pv_count{vg_uuid="kxaLws-Lh46-cUIG-k3hg-gaBU-6z67-VtddNc"} 0
# HELP lvm_vg_partial Set if VG is partial
# TYPE lvm_vg_partial gauge
lvm_vg_partial{vg_uuid="kxaLws-Lh46-cUIG-k3hg-gaBU-6z67-VtddNc"} 0
# HELP lvm_vg_permissions 
# TYPE lvm_vg_permissions gauge
lvm_vg_permissions{vg_permissions="writeable",vg_uuid="kxaLws-Lh46-cUIG-k3hg-gaBU-6z67-VtddNc"} 1
# HELP lvm_vg_pv_count Number of PVs in VG
# TYPE lvm_vg_pv_count gauge
lvm_vg_pv_count{vg_uuid="kxaLws-Lh46-cUIG-k3hg-gaBU-6z67-VtddNc"} 1
# HELP lvm_vg_seqno Revision number of internal metadata
# TYPE lvm_vg_seqno gauge
lvm_vg_seqno{vg_uuid="kxaLws-Lh46-cUIG-k3hg-gaBU-6z67-VtddNc"} 6
# HELP lvm_vg_shared Set if VG is shared
# TYPE lvm_vg_shared gauge
lvm_vg_shared{vg_uuid="kxaLws-Lh46-cUIG-k3hg-gaBU-6z67-VtddNc"} 0
# HELP lvm_vg_size_bytes Total size of VG in bytes
# TYPE lvm_vg_size_bytes gauge
lvm_vg_size_bytes{vg_uuid="kxaLws-Lh46-cUIG-k3hg-gaBU-6z67-VtddNc"} 2.092957696e+09
# HELP lvm_vg_snap_count Number of snapshots
# TYPE lvm_vg_snap_count gauge
lvm_vg_snap_count{vg_uuid="kxaLws-Lh46-cUIG-k3hg-gaBU-6z67-VtddNc"} 0
# HELP lvm_vg_systemid 
# TYPE lvm_vg_systemid gauge
lvm_vg_systemid{vg_systemid="",vg_uuid="kxaLws-Lh46-cUIG-k3hg-gaBU-6z67-VtddNc"} 1
# HELP lvm_vg_tags 
# TYPE lvm_vg_tags gauge
lvm_vg_tags{vg_tags="",vg_uuid="kxaLws-Lh46-cUIG-k3hg-gaBU-6z67-VtddNc"} 1
