# HELP lvm_lv_info 
# TYPE lvm_lv_info gauge
lvm_lv_info{lv_full_name="",lv_name="[lvmlock]",lv_uuid="PN2YZw-aWgL-O0Rc-Vkbx-Dx09-lvDp-fhpbXe"} 1
lvm_lv_info{lv_full_name="",lv_name="alpinetest",lv_uuid="YvnAc9-CH9k-Fq5F-WfTl-oONA-5njZ-t1ChZm"} 1
lvm_lv_info{lv_full_name="",lv_name="lvtest",lv_uuid="FmOsEf-s4PL-qNOn-KSLb-GAIG-kuuP-ErGbTp"} 1
# HELP lvm_lv_lockargs Lock args of the LV used by lvmlockd
# TYPE lvm_lv_lockargs gauge
lvm_lv_lockargs{lv_lockargs="",lv_uuid="PN2YZw-aWgL-O0Rc-Vkbx-Dx09-lvDp-fhpbXe"} 1
lvm_lv_lockargs{lv_lockargs="1.0.0:570425344",lv_uuid="YvnAc9-CH9k-Fq5F-WfTl-oONA-5njZ-t1ChZm"} 1
lvm_lv_lockargs{lv_lockargs="1.0.0:620756992",lv_uuid="FmOsEf-s4PL-qNOn-KSLb-GAIG-kuuP-ErGbTp"} 1
# HELP lvm_unknown_field_count Fields reported by LVM not recognized by exporter
# TYPE lvm_unknown_field_count gauge
lvm_unknown_field_count{details="",group="lv"} 0
lvm_unknown_field_count{details="",group="pv"} 0
lvm_unknown_field_count{details="",group="vg"} 0
# HELP lvm_up Whether scrape was successful
# TYPE lvm_up gauge
lvm_up{status=""} 1
