# HELP lvm_lv_info 
# TYPE lvm_lv_info gauge
lvm_lv_info{lv_active="",lv_allocation_policy="",lv_ancestors="",lv_attr="",lv_convert_lv="",lv_convert_lv_uuid="",lv_data_lv="",lv_data_lv_uuid="",lv_descendants="",lv_dm_path="",lv_full_ancestors="",lv_full_descendants="",lv_full_name="",lv_health_status="",lv_host="",lv_kernel_cache_policy="",lv_kernel_cache_settings="",lv_kernel_discards="",lv_kernel_metadata_format="",lv_kernel_read_ahead_bytes="",lv_layout="",lv_lockargs="",lv_metadata_lv="",lv_metadata_lv_uuid="",lv_mirror_log="",lv_mirror_log_uuid="",lv_modules="",lv_move_pv="",lv_move_pv_uuid="",lv_name="[lvmlock]",lv_origin="",lv_origin_uuid="",lv_parent="",lv_path="",lv_permissions="",lv_pool_lv="",lv_pool_lv_uuid="",lv_raid_sync_action="",lv_raidintegritymode="",lv_role="",lv_tags="",lv_uuid="PN2YZw-aWgL-O0Rc-Vkbx-Dx09-lvDp-fhpbXe",lv_vdo_compression_state="",lv_vdo_index_state="",lv_vdo_operating_mode="",lv_when_full=""} 1
lvm_lv_info{lv_active="",lv_allocation_policy="",lv_ancestors="",lv_attr="",lv_convert_lv="",lv_convert_lv_uuid="",lv_data_lv="",lv_data_lv_uuid="",lv_descendants="",lv_dm_path="",lv_full_ancestors="",lv_full_descendants="",lv_full_name="",lv_health_status="",lv_host="",lv_kernel_cache_policy="",lv_kernel_cache_settings="",lv_kernel_discards="",lv_kernel_metadata_format="",lv_kernel_read_ahead_bytes="",lv_layout="",lv_lockargs="1.0.0:570425344",lv_metadata_lv="",lv_metadata_lv_uuid="",lv_mirror_log="",lv_mirror_log_uuid="",lv_modules="",lv_move_pv="",lv_move_pv_uuid="",lv_name="alpinetest",lv_origin="",lv_origin_uuid="",lv_parent="",lv_path="",lv_permissions="",lv_pool_lv="",lv_pool_lv_uuid="",lv_raid_sync_action="",lv_raidintegritymode="",lv_role="",lv_tags="",lv_uuid="YvnAc9-CH9k-Fq5F-WfTl-oONA-5njZ-t1ChZm",lv_vdo_compression_state="",lv_vdo_index_state="",lv_vdo_operating_mode="",lv_when_full=""} 1
lvm_lv_info{lv_active="",lv_allocation_policy="",lv_ancestors="",lv_attr="",lv_convert_lv="",lv_convert_lv_uuid="",lv_data_lv="",lv_data_lv_uuid="",lv_descendants="",lv_dm_path="",lv_full_ancestors="",lv_full_descendants="",lv_full_name="",lv_health_status="",lv_host="",lv_kernel_cache_policy="",lv_kernel_cache_settings="",lv_kernel_discards="",lv_kernel_metadata_format="",lv_kernel_read_ahead_bytes="",lv_layout="",lv_lockargs="1.0.0:620756992",lv_metadata_lv="",lv_metadata_lv_uuid="",lv_mirror_log="",lv_mirror_log_uuid="",lv_modules="",lv_move_pv="",lv_move_pv_uuid="",lv_name="lvtest",lv_origin="",lv_origin_uuid="",lv_parent="",lv_path="",lv_permissions="",lv_pool_lv="",lv_pool_lv_uuid="",lv_raid_sync_action="",lv_raidintegritymode="",lv_role="",lv_tags="",lv_uuid="FmOsEf-s4PL-qNOn-KSLb-GAIG-kuuP-ErGbTp",lv_vdo_compression_state="",lv_vdo_index_state="",lv_vdo_operating_mode="",lv_when_full=""} 1
# HELP lvm_lv_lockargs Lock args of the LV used by lvmlockd
# TYPE lvm_lv_lockargs gauge
lvm_lv_lockargs{lv_lockargs="",lv_uuid="PN2YZw-aWgL-O0Rc-Vkbx-Dx09-lvDp-fhpbXe"} 1
lvm_lv_lockargs{lv_lockargs="1.0.0:570425344",lv_uuid="YvnAc9-CH9k-Fq5F-WfTl-oONA-5njZ-t1ChZm"} 1
lvm_lv_lockargs{lv_lockargs="1.0.0:620756992",lv_uuid="FmOsEf-s4PL-qNOn-KSLb-GAIG-kuuP-ErGbTp"} 1
# HELP lvm_unknown_field_count Fields reported by LVM not recognized by exporter
# TYPE lvm_unknown_field_count gauge
lvm_unknown_field_count{details="",group="lv"} 0
lvm_unknown_field_count{details="",group="pv"} 0
lvm_unknown_field_count{details="",group="vg"} 0
# HELP lvm_up Whether scrape was successful
# TYPE lvm_up gauge
lvm_up{status=""} 1
