# HELP lvm_lv_ancestors LV ancestors ignoring any stored history of the ancestry chain
# TYPE lvm_lv_ancestors gauge
lvm_lv_ancestors{lv_ancestors="",lv_uuid="FNkhIS-Vozm-bmE7-dmHD-vjOM-103g-irxDIb"} 1
lvm_lv_ancestors{lv_ancestors="",lv_uuid="Il5cUA-BDjk-T5ZB-vTdr-EsJd-6bFa-zjuhgB"} 1
lvm_lv_ancestors{lv_ancestors="",lv_uuid="PucjXb-iwvM-Px3b-tfO8-xy43-F8B4-2uEyc0"} 1
lvm_lv_ancestors{lv_ancestors="",lv_uuid="VBJ3Ct-yDJ3-JPGS-Zyew-tCO5-7AvK-INt3g6"} 1
lvm_lv_ancestors{lv_ancestors="",lv_uuid="b3Wegf-3TOd-I5YS-ll0X-RZgI-QxAu-qv0fbc"} 1
lvm_lv_ancestors{lv_ancestors="lv_home",lv_uuid="zqJxaj-K6iF-f1NV-4G35-8Pg7-hhpn-p77SMP"} 1
# HELP lvm_lv_descendants LV descendants ignoring any stored history of the ancestry chain
# TYPE lvm_lv_descendants gauge
lvm_lv_descendants{lv_descendants="",lv_uuid="FNkhIS-Vozm-bmE7-dmHD-vjOM-103g-irxDIb"} 1
lvm_lv_descendants{lv_descendants="",lv_uuid="Il5cUA-BDjk-T5ZB-vTdr-EsJd-6bFa-zjuhgB"} 1
lvm_lv_descendants{lv_descendants="",lv_uuid="PucjXb-iwvM-Px3b-tfO8-xy43-F8B4-2uEyc0"} 1
lvm_lv_descendants{lv_descendants="",lv_uuid="VBJ3Ct-yDJ3-JPGS-Zyew-tCO5-7AvK-INt3g6"} 1
lvm_lv_descendants{lv_descendants="",lv_uuid="zqJxaj-K6iF-f1NV-4G35-8Pg7-hhpn-p77SMP"} 1
lvm_lv_descendants{lv_descendants="lv_home_snapshot",lv_uuid="b3Wegf-3TOd-I5YS-ll0X-RZgI-QxAu-qv0fbc"} 1
# HELP lvm_lv_full_ancestors LV ancestors including stored history of the ancestry chain
# TYPE lvm_lv_full_ancestors gauge
lvm_lv_full_ancestors{lv_full_ancestors="",lv_uuid="FNkhIS-Vozm-bmE7-dmHD-vjOM-103g-irxDIb"} 1
lvm_lv_full_ancestors{lv_full_ancestors="",lv_uuid="Il5cUA-BDjk-T5ZB-vTdr-EsJd-6bFa-zjuhgB"} 1
lvm_lv_full_ancestors{lv_full_ancestors="",lv_uuid="PucjXb-iwvM-Px3b-tfO8-xy43-F8B4-2uEyc0"} 1
lvm_lv_full_ancestors{lv_full_ancestors="",lv_uuid="VBJ3Ct-yDJ3-JPGS-Zyew-tCO5-7AvK-INt3g6"} 1
lvm_lv_full_ancestors{lv_full_ancestors="",lv_uuid="b3Wegf-3TOd-I5YS-ll0X-RZgI-QxAu-qv0fbc"} 1
lvm_lv_full_ancestors{lv_full_ancestors="lv_home",lv_uuid="zqJxaj-K6iF-f1NV-4G35-8Pg7-hhpn-p77SMP"} 1
# HELP lvm_lv_full_descendants LV descendants including stored history of the ancestry chain
# TYPE lvm_lv_full_descendants gauge
lvm_lv_full_descendants{lv_full_descendants="",lv_uuid="FNkhIS-Vozm-bmE7-dmHD-vjOM-103g-irxDIb"} 1
lvm_lv_full_descendants{lv_full_descendants="",lv_uuid="Il5cUA-BDjk-T5ZB-vTdr-EsJd-6bFa-zjuhgB"} 1
lvm_lv_full_descendants{lv_full_descendants="",lv_uuid="PucjXb-iwvM-Px3b-tfO8-xy43-F8B4-2uEyc0"} 1
lvm_lv_full_descendants{lv_full_descendants="",lv_uuid="VBJ3Ct-yDJ3-JPGS-Zyew-tCO5-7AvK-INt3g6"} 1
lvm_lv_full_descendants{lv_full_descendants="",lv_uuid="zqJxaj-K6iF-f1NV-4G35-8Pg7-hhpn-p77SMP"} 1
lvm_lv_full_descendants{lv_full_descendants="lv_home_snapshot",lv_uuid="b3Wegf-3TOd-I5YS-ll0X-RZgI-QxAu-qv0fbc"} 1
# HELP lvm_lv_info 
# TYPE lvm_lv_info gauge
lvm_lv_info{lv_full_name="",lv_name="lv_csmeta",lv_uuid="VBJ3Ct-yDJ3-JPGS-Zyew-tCO5-7AvK-INt3g6"} 1
lvm_lv_info{lv_full_name="",lv_name="lv_docker",lv_uuid="FNkhIS-Vozm-bmE7-dmHD-vjOM-103g-irxDIb"} 1
lvm_lv_info{lv_full_name="",lv_name="lv_home",lv_uuid="b3Wegf-3TOd-I5YS-ll0X-RZgI-QxAu-qv0fbc"} 1
lvm_lv_info{lv_full_name="",lv_name="lv_home_snapshot",lv_uuid="zqJxaj-K6iF-f1NV-4G35-8Pg7-hhpn-p77SMP"} 1
lvm_lv_info{lv_full_name="",lv_name="lv_libvirt_images",lv_uuid="PucjXb-iwvM-Px3b-tfO8-xy43-F8B4-2uEyc0"} 1
lvm_lv_info{lv_full_name="",lv_name="lv_root",lv_uuid="Il5cUA-BDjk-T5ZB-vTdr-EsJd-6bFa-zjuhgB"} 1
# HELP lvm_pv_info 
# TYPE lvm_pv_info gauge
lvm_pv_info{pv_name="",pv_uuid=""} 1
# HELP lvm_unknown_field_count Fields reported by LVM not recognized by exporter
# TYPE lvm_unknown_field_count gauge
lvm_unknown_field_count{details="",group="lv"} 0
lvm_unknown_field_count{details="",group="pv"} 0
lvm_unknown_field_count{details="",group="vg"} 0
# HELP lvm_up Whether scrape was successful
# TYPE lvm_up gauge
lvm_up{status=""} 1
# HELP lvm_vg_info 
# TYPE lvm_vg_info gauge
lvm_vg_info{vg_name="",vg_uuid=""} 1
